node.exe : 
At line:1 char:1
+ & "C:\Program Files\
nodejs/node.exe" 
"C:\Program 
Files\nodejs/node_mo 
...
+ ~~~~~~~~~~~~~~~~~~~~
~~~~~~~~~~~~~~~~~~~~~~
~~~~~~~~~~~~~~~~~~~~~~
~~~~~
    + CategoryInfo    
          : NotSpeci  
  fied: (:String) [   
 ], RemoteExceptio    
n
    + FullyQualifiedE 
   rrorId : NativeCo  
  mmandError
 
[31mΓÄ»ΓÄ»ΓÄ»ΓÄ»ΓÄ»ΓÄ
»ΓÄ»[39m[1m[41m 
Startup Error [49m[2
2m[31mΓÄ»ΓÄ»ΓÄ»ΓÄ»ΓÄ»
ΓÄ»ΓÄ»ΓÄ»[39m
Error: Failed to load 
custom Reporter from 
basic
    at loadCustomRepor
terModule (file:///C:/
Users/ADMIN/Desktop/mi
dea-drips/Credence-Bac
kend/node_modules/vite
st/dist/chunks/cli-api
.B5majYba.js:11346:9)
    at file:///C:/User
s/ADMIN/Desktop/midea-
drips/Credence-Backend
/node_modules/vitest/d
ist/chunks/cli-api.B5m
ajYba.js:11362:23
    ... 3 lines 
matching cause stack 
trace ...
    at _createServer (
file:///C:/Users/ADMIN
/Desktop/midea-drips/C
redence-Backend/node_m
odules/vite/dist/node/
chunks/node.js:26271:8
4)
    at 
createViteServer (file
:///C:/Users/ADMIN/Des
ktop/midea-drips/Crede
nce-Backend/node_modul
es/vitest/dist/chunks/
cli-api.B5majYba.js:88
19:17)
    at createVitest (f
ile:///C:/Users/ADMIN/
Desktop/midea-drips/Cr
edence-Backend/node_mo
dules/vitest/dist/chun
ks/cli-api.B5majYba.js
:14205:18)
    at prepareVitest (
file:///C:/Users/ADMIN
/Desktop/midea-drips/C
redence-Backend/node_m
odules/vitest/dist/chu
nks/cli-api.B5majYba.j
s:14572:14)
    at startVitest (fi
le:///C:/Users/ADMIN/D
esktop/midea-drips/Cre
dence-Backend/node_mod
ules/vitest/dist/chunk
s/cli-api.B5majYba.js:
14515:14) {
  [cause]: Error: 
Failed to load url 
basic (resolved id: 
basic). Does the file 
exist?
      at 
reviveInvokeError (fil
e:///C:/Users/ADMIN/De
sktop/midea-drips/Cred
ence-Backend/node_modu
les/vite/dist/node/mod
ule-runner.js:546:14)
      at 
Object.invoke (file://
/C:/Users/ADMIN/Deskto
p/midea-drips/Credence
-Backend/node_modules/
vite/dist/node/module-
runner.js:562:33)
      at ServerModuleR
unner.getModuleInforma
tion (file:///C:/Users
/ADMIN/Desktop/midea-d
rips/Credence-Backend/
node_modules/vite/dist
/node/module-runner.js
:1194:7)
      at ServerModuleR
unner.import (file:///
C:/Users/ADMIN/Desktop
/midea-drips/Credence-
Backend/node_modules/v
ite/dist/node/module-r
unner.js:1114:23)
      at loadCustomRep
orterModule (file:///C
:/Users/ADMIN/Desktop/
midea-drips/Credence-B
ackend/node_modules/vi
test/dist/chunks/cli-a
pi.B5majYba.js:11344:2
6)
      at file:///C:/Us
ers/ADMIN/Desktop/mide
a-drips/Credence-Backe
nd/node_modules/vitest
/dist/chunks/cli-api.B
5majYba.js:11362:23
      at async 
Promise.all (index 0)
      at 
Vitest._setServer (fil
e:///C:/Users/ADMIN/De
sktop/midea-drips/Cred
ence-Backend/node_modu
les/vitest/dist/chunks
/cli-api.B5majYba.js:1
3161:138)
      at BasicMinimalP
luginContext.handler (
file:///C:/Users/ADMIN
/Desktop/midea-drips/C
redence-Backend/node_m
odules/vitest/dist/chu
nks/cli-api.B5majYba.j
s:14175:5)
      at 
_createServer (file://
/C:/Users/ADMIN/Deskto
p/midea-drips/Credence
-Backend/node_modules/
vite/dist/node/chunks/
node.js:26271:84) {
    code: 
'ERR_LOAD_URL',
    runnerError: 
Error: RunnerError
        at 
reviveInvokeError (fil
e:///C:/Users/ADMIN/De
sktop/midea-drips/Cred
ence-Backend/node_modu
les/vite/dist/node/mod
ule-runner.js:547:64)
        at 
Object.invoke (file://
/C:/Users/ADMIN/Deskto
p/midea-drips/Credence
-Backend/node_modules/
vite/dist/node/module-
runner.js:562:33)
        at ServerModul
eRunner.getModuleInfor
mation (file:///C:/Use
rs/ADMIN/Desktop/midea
-drips/Credence-Backen
d/node_modules/vite/di
st/node/module-runner.
js:1194:7)
        at ServerModul
eRunner.import (file:/
//C:/Users/ADMIN/Deskt
op/midea-drips/Credenc
e-Backend/node_modules
/vite/dist/node/module
-runner.js:1114:23)
        at loadCustomR
eporterModule (file://
/C:/Users/ADMIN/Deskto
p/midea-drips/Credence
-Backend/node_modules/
vitest/dist/chunks/cli
-api.B5majYba.js:11344
:26)
        at file:///C:/
Users/ADMIN/Desktop/mi
dea-drips/Credence-Bac
kend/node_modules/vite
st/dist/chunks/cli-api
.B5majYba.js:11362:23
        at async 
Promise.all (index 0)
        at 
Vitest._setServer (fil
e:///C:/Users/ADMIN/De
sktop/midea-drips/Cred
ence-Backend/node_modu
les/vitest/dist/chunks
/cli-api.B5majYba.js:1
3161:138)
        at BasicMinima
lPluginContext.handler
 (file:///C:/Users/ADM
IN/Desktop/midea-drips
/Credence-Backend/node
_modules/vitest/dist/c
hunks/cli-api.B5majYba
.js:14175:5)
        at 
_createServer (file://
/C:/Users/ADMIN/Deskto
p/midea-drips/Credence
-Backend/node_modules/
vite/dist/node/chunks/
node.js:26271:84)
  }
}



